/Users/frank/.local/share/mise/installs/ruby/3.4.8/lib/ruby/3.4.0/readline.rb:4: warning: reline was loaded from the standard library, but will no longer be part of the default gems starting from Ruby 4.0.0.
You can add reline to your Gemfile or gemspec to silence this warning.
Run options: --seed 21137

# Running:

./Users/frank/.local/share/mise/installs/ruby/3.4.8/lib/ruby/3.4.0/readline.rb:4: warning: reline was loaded from the standard library, but will no longer be part of the default gems starting from Ruby 4.0.0.
You can add reline to your Gemfile or gemspec to silence this warning.
Initializing Aura workspace in-place at: /Users/frank/Desktop/Towards AGI/aura/aura/tmp_llm_local...
[32mSuccessfully cloned template repository into hidden .aura environment.[0m
[32mInjected .gitignore rule for hidden .aura environment.[0m
[32mProject 'tmp_llm_local' registered successfully![0m
./Users/frank/.local/share/mise/installs/ruby/3.4.8/lib/ruby/3.4.0/readline.rb:4: warning: reline was loaded from the standard library, but will no longer be part of the default gems starting from Ruby 4.0.0.
You can add reline to your Gemfile or gemspec to silence this warning.
Initializing Aura workspace in-place at: /Users/frank/Desktop/Towards AGI/aura/aura/tmp_tool_timeout...
[32mSuccessfully cloned template repository into hidden .aura environment.[0m
[32mInjected .gitignore rule for hidden .aura environment.[0m
[32mProject 'tmp_tool_timeout' registered successfully![0m
./Users/frank/.local/share/mise/installs/ruby/3.4.8/lib/ruby/3.4.0/readline.rb:4: warning: reline was loaded from the standard library, but will no longer be part of the default gems starting from Ruby 4.0.0.
You can add reline to your Gemfile or gemspec to silence this warning.
Initializing Aura workspace in-place at: /Users/frank/Desktop/Towards AGI/aura/aura/tmp_tool_timeout...
[32mSuccessfully cloned template repository into hidden .aura environment.[0m
[32mInjected .gitignore rule for hidden .aura environment.[0m
[32mProject 'tmp_tool_timeout' registered successfully![0m
./Users/frank/.local/share/mise/installs/ruby/3.4.8/lib/ruby/3.4.0/readline.rb:4: warning: reline was loaded from the standard library, but will no longer be part of the default gems starting from Ruby 4.0.0.
You can add reline to your Gemfile or gemspec to silence this warning.
Initializing Aura workspace in-place at: /Users/frank/Desktop/Towards AGI/aura/aura/tmp_tool_timeout...
[32mSuccessfully cloned template repository into hidden .aura environment.[0m
[32mInjected .gitignore rule for hidden .aura environment.[0m
[32mProject 'tmp_tool_timeout' registered successfully![0m
./Users/frank/.local/share/mise/installs/ruby/3.4.8/lib/ruby/3.4.0/readline.rb:4: warning: reline was loaded from the standard library, but will no longer be part of the default gems starting from Ruby 4.0.0.
You can add reline to your Gemfile or gemspec to silence this warning.
Initializing Aura workspace in-place at: /Users/frank/Desktop/Towards AGI/aura/aura/tmp_tool_timeout...
[32mSuccessfully cloned template repository into hidden .aura environment.[0m
[32mInjected .gitignore rule for hidden .aura environment.[0m
[32mProject 'tmp_tool_timeout' registered successfully![0m
./Users/frank/.local/share/mise/installs/ruby/3.4.8/lib/ruby/3.4.0/readline.rb:4: warning: reline was loaded from the standard library, but will no longer be part of the default gems starting from Ruby 4.0.0.
You can add reline to your Gemfile or gemspec to silence this warning.
Initializing Aura workspace in-place at: /Users/frank/Desktop/Towards AGI/aura/aura/tmp_tool_timeout...
[32mSuccessfully cloned template repository into hidden .aura environment.[0m
[32mInjected .gitignore rule for hidden .aura environment.[0m
[32mProject 'tmp_tool_timeout' registered successfully![0m
./Users/frank/.local/share/mise/installs/ruby/3.4.8/lib/ruby/3.4.0/readline.rb:4: warning: reline was loaded from the standard library, but will no longer be part of the default gems starting from Ruby 4.0.0.
You can add reline to your Gemfile or gemspec to silence this warning.
Initializing Aura workspace in-place at: /Users/frank/Desktop/Towards AGI/aura/aura/tmp_tool_timeout...
[32mSuccessfully cloned template repository into hidden .aura environment.[0m
[32mInjected .gitignore rule for hidden .aura environment.[0m
[32mProject 'tmp_tool_timeout' registered successfully![0m
./Users/frank/.local/share/mise/installs/ruby/3.4.8/lib/ruby/3.4.0/readline.rb:4: warning: reline was loaded from the standard library, but will no longer be part of the default gems starting from Ruby 4.0.0.
You can add reline to your Gemfile or gemspec to silence this warning.
Initializing Aura workspace in-place at: /Users/frank/Desktop/Towards AGI/aura/aura/tmp_tool_timeout...
[32mSuccessfully cloned template repository into hidden .aura environment.[0m
[32mInjected .gitignore rule for hidden .aura environment.[0m
[32mProject 'tmp_tool_timeout' registered successfully![0m
../Users/frank/.local/share/mise/installs/ruby/3.4.8/lib/ruby/3.4.0/readline.rb:4: warning: reline was loaded from the standard library, but will no longer be part of the default gems starting from Ruby 4.0.0.
You can add reline to your Gemfile or gemspec to silence this warning.
Initializing Aura workspace in-place at: /Users/frank/Desktop/Towards AGI/aura/aura/tmp_exec_engine...
[32mSuccessfully cloned template repository into hidden .aura environment.[0m
[32mInjected .gitignore rule for hidden .aura environment.[0m
[32mProject 'tmp_exec_engine' registered successfully![0m
./Users/frank/.local/share/mise/installs/ruby/3.4.8/lib/ruby/3.4.0/readline.rb:4: warning: reline was loaded from the standard library, but will no longer be part of the default gems starting from Ruby 4.0.0.
You can add reline to your Gemfile or gemspec to silence this warning.
Initializing Aura workspace in-place at: /Users/frank/Desktop/Towards AGI/aura/aura/tmp_exec_engine...
[32mSuccessfully cloned template repository into hidden .aura environment.[0m
[32mInjected .gitignore rule for hidden .aura environment.[0m
[32mProject 'tmp_exec_engine' registered successfully![0m
./Users/frank/.local/share/mise/installs/ruby/3.4.8/lib/ruby/3.4.0/readline.rb:4: warning: reline was loaded from the standard library, but will no longer be part of the default gems starting from Ruby 4.0.0.
You can add reline to your Gemfile or gemspec to silence this warning.
Initializing Aura workspace in-place at: /Users/frank/Desktop/Towards AGI/aura/aura/tmp_exec_engine...
[32mSuccessfully cloned template repository into hidden .aura environment.[0m
[32mInjected .gitignore rule for hidden .aura environment.[0m
[32mProject 'tmp_exec_engine' registered successfully![0m
..../Users/frank/.local/share/mise/installs/ruby/3.4.8/lib/ruby/3.4.0/readline.rb:4: warning: reline was loaded from the standard library, but will no longer be part of the default gems starting from Ruby 4.0.0.
You can add reline to your Gemfile or gemspec to silence this warning.
Initializing Aura workspace in-place at: /Users/frank/Desktop/Towards AGI/aura/aura/tmp_cli_tool_formats...
[32mSuccessfully cloned template repository into hidden .aura environment.[0m
[32mInjected .gitignore rule for hidden .aura environment.[0m
[32mProject 'tmp_cli_tool_formats' registered successfully![0m
./Users/frank/.local/share/mise/installs/ruby/3.4.8/lib/ruby/3.4.0/readline.rb:4: warning: reline was loaded from the standard library, but will no longer be part of the default gems starting from Ruby 4.0.0.
You can add reline to your Gemfile or gemspec to silence this warning.
Initializing Aura workspace in-place at: /Users/frank/Desktop/Towards AGI/aura/aura/tmp_cli_tool_formats...
[32mSuccessfully cloned template repository into hidden .aura environment.[0m
[32mInjected .gitignore rule for hidden .aura environment.[0m
[32mProject 'tmp_cli_tool_formats' registered successfully![0m
..../Users/frank/.local/share/mise/installs/ruby/3.4.8/lib/ruby/3.4.0/readline.rb:4: warning: reline was loaded from the standard library, but will no longer be part of the default gems starting from Ruby 4.0.0.
You can add reline to your Gemfile or gemspec to silence this warning.
Initializing Aura workspace in-place at: /Users/frank/Desktop/Towards AGI/aura/aura/tmp_agent_web...
[32mSuccessfully cloned template repository into hidden .aura environment.[0m
[32mInjected .gitignore rule for hidden .aura environment.[0m
[32mProject 'tmp_agent_web' registered successfully![0m
{"context_preview":"# AURA OS OPERATING PROTOCOL\n\n# MISSION\nYou are the primary operator and architect of Aura OS, an autonomous, self-evolving agent operating system. Your goal is to manage the workspace, execute tasks via tools, and evolve your own capabilities by creating new tools.\n","result":{"content":"---\nsystem:\n  name: Aura-Alpha\n  version: 1.0.0\n  workspace_root: \"./projects\"\n  default_language: python3\n  log_level: INFO\nstate_management:\n  database_type: sqlite\n  db_path: state/aura.db\n  max_state_chars: 100000\n  keep_last_summary_n_steps: 20\n  recent_events_n: 20\n  summarization:\n    enabled: true\n    model: gpt-4o\n    keep_last_n_steps: 5\n    compression_ratio: 0.2\ntool_protocol:\n  allow_dependency_install: true\n  test_timeout: 30\n  default_timeout_seconds: 300\n  max_timeout_seconds: 1200\n  agent_can_modify_timeout: true\n  runtimes:\n    python: python3\n    ruby: ruby\n    shell: bash\n    nodejs: node\n  core_tools:\n  - read_file\n  - inspect_tool\n  - write_file\n  auto_verify:\n  - write_file\n  - bash_command\n  - plan_task\n  required_files:\n  - logic.py\n  - manifest.json\n  - test.py\n  call_summary:\n    suggested_chars: 120\n    max_chars: 256\n    attach_max_chars: 1024\nsecurity:\n  strict_path_isolation: true\n  forbidden_extensions:\n  - \".env\"\n  - \".key\"\n  - \".db-journal\"\n  read_only_directories:\n  - system_tools\n  - core_protocols\n  sandbox:\n    enabled: false\n    provider: docker\n    image: aura-sandbox:latest\nhints:\n  auto_inject_readme: true\n  scan_dot_hint_files: true\n  include_error_traceback: true\n  max_hint_chars: 1000\n  max_file_chars: 10000\n  ignore_list: []\nllm:\n  provider: openrouter\n  model: google/gemini-3.1-flash-lite\n  api_base: ''\n  temperature: 0.2\n  max_tokens: 20000\nembedding:\n  provider: openrouter\n  model: qwen/qwen3-embedding-8b\n  api_base: ''\n  api_key_env: OPENROUTER_API_KEY\nimage_generation:\n  provider: openai\n  model: dall-e-3\n  size: 1024x1024\n  api_key_env: OPENAI_API_KEY\nknowledge_db:\n  storage: local\ncontext_compression:\n  event_max_chars: 800\n  event_min_count_threshold: 10\n  summary_trim_step: 5\nproject_name: tmp_agent_web\n","status":"ok","total_lines":88,"is_truncated":false}}
.../Users/frank/.local/share/mise/installs/ruby/3.4.8/lib/ruby/3.4.0/readline.rb:4: warning: reline was loaded from the standard library, but will no longer be part of the default gems starting from Ruby 4.0.0.
You can add reline to your Gemfile or gemspec to silence this warning.
Initializing Aura workspace in-place at: /Users/frank/Desktop/Towards AGI/aura/aura/tmp_app_scaffold...
[32mSuccessfully cloned template repository into hidden .aura environment.[0m
[32mInjected .gitignore rule for hidden .aura environment.[0m
[32mProject 'tmp_app_scaffold' registered successfully![0m
./Users/frank/.local/share/mise/installs/ruby/3.4.8/lib/ruby/3.4.0/readline.rb:4: warning: reline was loaded from the standard library, but will no longer be part of the default gems starting from Ruby 4.0.0.
You can add reline to your Gemfile or gemspec to silence this warning.
Initializing Aura workspace in-place at: /Users/frank/Desktop/Towards AGI/aura/aura/tmp_llm_generic...
[32mSuccessfully cloned template repository into hidden .aura environment.[0m
[32mInjected .gitignore rule for hidden .aura environment.[0m
[32mProject 'tmp_llm_generic' registered successfully![0m
[33m⚠️ Warning: LLM returned text instead of JSON[0m
   Raw: ...
F.../Users/frank/.local/share/mise/installs/ruby/3.4.8/lib/ruby/3.4.0/readline.rb:4: warning: reline was loaded from the standard library, but will no longer be part of the default gems starting from Ruby 4.0.0.
You can add reline to your Gemfile or gemspec to silence this warning.
Initializing Aura workspace in-place at: /Users/frank/Desktop/Towards AGI/aura/aura/tmp_llm_fallback...
[32mSuccessfully cloned template repository into hidden .aura environment.[0m
[32mInjected .gitignore rule for hidden .aura environment.[0m
[32mProject 'tmp_llm_fallback' registered successfully![0m
............................../Users/frank/.local/share/mise/installs/ruby/3.4.8/lib/ruby/3.4.0/readline.rb:4: warning: reline was loaded from the standard library, but will no longer be part of the default gems starting from Ruby 4.0.0.
You can add reline to your Gemfile or gemspec to silence this warning.
Initializing Aura workspace in-place at: /Users/frank/Desktop/Towards AGI/aura/aura/tmp_openrouter_real...
[32mSuccessfully cloned template repository into hidden .aura environment.[0m
[32mInjected .gitignore rule for hidden .aura environment.[0m
[32mProject 'tmp_openrouter_real' registered successfully![0m
S/Users/frank/.local/share/mise/installs/ruby/3.4.8/lib/ruby/3.4.0/readline.rb:4: warning: reline was loaded from the standard library, but will no longer be part of the default gems starting from Ruby 4.0.0.
You can add reline to your Gemfile or gemspec to silence this warning.
Initializing Aura workspace in-place at: /Users/frank/Desktop/Towards AGI/aura/aura/tmp_kernel_plan_overflow...
[32mSuccessfully cloned template repository into hidden .aura environment.[0m
[32mInjected .gitignore rule for hidden .aura environment.[0m
[32mProject 'tmp_kernel_plan_overflow' registered successfully![0m
......Sfatal: a branch named 'main' already exists
On branch main
nothing to commit, working tree clean
.Initializing Aura workspace in-place at: /private/var/folders/v7/2cm33p695kn20b7w63spx31m0000gn/T/aura-test-sandbox20260522-92165-sl3wid/my_project...
[32mSuccessfully cloned template repository into hidden .aura environment.[0m
[32mInjected .gitignore rule for hidden .aura environment.[0m
[32mProject 'my_project' registered successfully![0m
rake aborted!
SignalException: SIGHUP (SignalException)
/Users/frank/.local/share/mise/installs/ruby/3.4.8/bin/bundle:25:in 'Kernel#load'
/Users/frank/.local/share/mise/installs/ruby/3.4.8/bin/bundle:25:in '<main>'
Tasks: TOP => test
(See full trace by running task with --trace)
